
USER@HP MINGW64 ~/Desktop/PrimerRepositorio
$ git init
Initialized empty Git repository in C:/Users/USER/Desktop/PrimerRepositorio/.git/

USER@HP MINGW64 ~/Desktop/PrimerRepositorio (master)
$ git status
On branch master

No commits yet

nothing to commit (create/copy files and use "git add" to track)

USER@HP MINGW64 ~/Desktop/PrimerRepositorio (master)
$ git init
Reinitialized existing Git repository in C:/Users/USER/Desktop/PrimerRepositorio/.git/

USER@HP MINGW64 ~/Desktop/PrimerRepositorio (master)
$ git status
On branch master

No commits yet

Untracked files:
  (use "git add <file>..." to include in what will be committed)
        archivo1.txt

nothing added to commit but untracked files present (use "git add" to track)

USER@HP MINGW64 ~/Desktop/PrimerRepositorio (master)
$ git add .

USER@HP MINGW64 ~/Desktop/PrimerRepositorio (master)
$ git commit -m "se agrega el proyecto"
[master (root-commit) 4eff288] se agrega el proyecto
 1 file changed, 0 insertions(+), 0 deletions(-)
 create mode 100644 archivo1.txt

USER@HP MINGW64 ~/Desktop/PrimerRepositorio (master)
$ git config --global user.mail charly.trabajos01@hotmail.com

USER@HP MINGW64 ~/Desktop/PrimerRepositorio (master)
$ git config --global user.name CharlesFer

USER@HP MINGW64 ~/Desktop/PrimerRepositorio (master)
$ git commit -m "se agrega el proyecto"
On branch master
nothing to commit, working tree clean

USER@HP MINGW64 ~/Desktop/PrimerRepositorio (master)
$ git branch -M main

USER@HP MINGW64 ~/Desktop/PrimerRepositorio (main)
$ git remote add origin https://github.com/CharlesFer/PrimerRepositorio.git

USER@HP MINGW64 ~/Desktop/PrimerRepositorio (main)
$ git push -u origin main
Enumerating objects: 3, done.
Counting objects: 100% (3/3), done.
Writing objects: 100% (3/3), 230 bytes | 76.00 KiB/s, done.
Total 3 (delta 0), reused 0 (delta 0), pack-reused 0
To https://github.com/CharlesFer/PrimerRepositorio.git
 * [new branch]      main -> main
Branch 'main' set up to track remote branch 'main' from 'origin'.
